// Jest Snapshot v1, https://goo.gl/fbAQLP

exports[`First snapshot test 1`] = `
<div
  className="app-container"
>
  <form>
    <table>
      <thead>
        <tr>
          <th>
            Campaign Name
          </th>
          <th>
            Type
          </th>
          <th>
            Company Name
          </th>
          <th>
            Actions
          </th>
        </tr>
      </thead>
      <tbody>
        <tr>
          <td>
            CAXT
          </td>
          <td>
            AUTOGRATE
          </td>
          <td>
            SMART TRIGGER EMAIL
          </td>
          <td>
            <button
              onClick={[Function]}
              type="button"
            >
              Edit
            </button>
            <button
              onClick={[Function]}
              type="button"
            >
              Delete
            </button>
          </td>
        </tr>
        <tr>
          <td>
            UNEEQ
          </td>
          <td>
            VURBO
          </td>
          <td>
            SMS CONNECTOR
          </td>
          <td>
            <button
              onClick={[Function]}
              type="button"
            >
              Edit
            </button>
            <button
              onClick={[Function]}
              type="button"
            >
              Delete
            </button>
          </td>
        </tr>
        <tr>
          <td>
            JIMBIES
          </td>
          <td>
            PANZENT
          </td>
          <td>
            PUSH EMAIL
          </td>
          <td>
            <button
              onClick={[Function]}
              type="button"
            >
              Edit
            </button>
            <button
              onClick={[Function]}
              type="button"
            >
              Delete
            </button>
          </td>
        </tr>
        <tr>
          <td>
            ETERNIS
          </td>
          <td>
            ZORROMOP
          </td>
          <td>
            PUSH EMAIL
          </td>
          <td>
            <button
              onClick={[Function]}
              type="button"
            >
              Edit
            </button>
            <button
              onClick={[Function]}
              type="button"
            >
              Delete
            </button>
          </td>
        </tr>
        <tr>
          <td>
            CINESANCT
          </td>
          <td>
            GENMEX
          </td>
          <td>
            PUSH EMAIL
          </td>
          <td>
            <button
              onClick={[Function]}
              type="button"
            >
              Edit
            </button>
            <button
              onClick={[Function]}
              type="button"
            >
              Delete
            </button>
          </td>
        </tr>
        <tr>
          <td>
            PEARLESEX
          </td>
          <td>
            LIQUICOM
          </td>
          <td>
            GENERAL EMAIL
          </td>
          <td>
            <button
              onClick={[Function]}
              type="button"
            >
              Edit
            </button>
            <button
              onClick={[Function]}
              type="button"
            >
              Delete
            </button>
          </td>
        </tr>
        <tr>
          <td>
            AUSTECH
          </td>
          <td>
            GROK
          </td>
          <td>
            SMS CONNECTOR
          </td>
          <td>
            <button
              onClick={[Function]}
              type="button"
            >
              Edit
            </button>
            <button
              onClick={[Function]}
              type="button"
            >
              Delete
            </button>
          </td>
        </tr>
        <tr>
          <td>
            KROG
          </td>
          <td>
            ONTAGENE
          </td>
          <td>
            SMART TRIGGER PUSH
          </td>
          <td>
            <button
              onClick={[Function]}
              type="button"
            >
              Edit
            </button>
            <button
              onClick={[Function]}
              type="button"
            >
              Delete
            </button>
          </td>
        </tr>
        <tr>
          <td>
            VIRXO
          </td>
          <td>
            MONDICIL
          </td>
          <td>
            SMART TRIGGER EMAIL
          </td>
          <td>
            <button
              onClick={[Function]}
              type="button"
            >
              Edit
            </button>
            <button
              onClick={[Function]}
              type="button"
            >
              Delete
            </button>
          </td>
        </tr>
        <tr>
          <td>
            CYTREK
          </td>
          <td>
            GRONK
          </td>
          <td>
            SMART TRIGGER EMAIL
          </td>
          <td>
            <button
              onClick={[Function]}
              type="button"
            >
              Edit
            </button>
            <button
              onClick={[Function]}
              type="button"
            >
              Delete
            </button>
          </td>
        </tr>
        <tr>
          <td>
            QUARMONY
          </td>
          <td>
            RECRITUBE
          </td>
          <td>
            SMART TRIGGER PUSH
          </td>
          <td>
            <button
              onClick={[Function]}
              type="button"
            >
              Edit
            </button>
            <button
              onClick={[Function]}
              type="button"
            >
              Delete
            </button>
          </td>
        </tr>
        <tr>
          <td>
            WAAB
          </td>
          <td>
            SUNCLIPSE
          </td>
          <td>
            SMART TRIGGER PUSH
          </td>
          <td>
            <button
              onClick={[Function]}
              type="button"
            >
              Edit
            </button>
            <button
              onClick={[Function]}
              type="button"
            >
              Delete
            </button>
          </td>
        </tr>
        <tr>
          <td>
            NAMEBOX
          </td>
          <td>
            IMMUNICS
          </td>
          <td>
            SMS CONNECTOR
          </td>
          <td>
            <button
              onClick={[Function]}
              type="button"
            >
              Edit
            </button>
            <button
              onClick={[Function]}
              type="button"
            >
              Delete
            </button>
          </td>
        </tr>
        <tr>
          <td>
            RODEMCO
          </td>
          <td>
            MOREGANIC
          </td>
          <td>
            GENERAL EMAIL
          </td>
          <td>
            <button
              onClick={[Function]}
              type="button"
            >
              Edit
            </button>
            <button
              onClick={[Function]}
              type="button"
            >
              Delete
            </button>
          </td>
        </tr>
        <tr>
          <td>
            STRALOY
          </td>
          <td>
            TUBESYS
          </td>
          <td>
            SMART TRIGGER PUSH
          </td>
          <td>
            <button
              onClick={[Function]}
              type="button"
            >
              Edit
            </button>
            <button
              onClick={[Function]}
              type="button"
            >
              Delete
            </button>
          </td>
        </tr>
        <tr>
          <td>
            MATRIXITY
          </td>
          <td>
            DYNO
          </td>
          <td>
            CONNECTOR
          </td>
          <td>
            <button
              onClick={[Function]}
              type="button"
            >
              Edit
            </button>
            <button
              onClick={[Function]}
              type="button"
            >
              Delete
            </button>
          </td>
        </tr>
        <tr>
          <td>
            FLOTONIC
          </td>
          <td>
            DIGIGENE
          </td>
          <td>
            CONNECTOR
          </td>
          <td>
            <button
              onClick={[Function]}
              type="button"
            >
              Edit
            </button>
            <button
              onClick={[Function]}
              type="button"
            >
              Delete
            </button>
          </td>
        </tr>
        <tr>
          <td>
            GRACKER
          </td>
          <td>
            EXTRAWEAR
          </td>
          <td>
            GENERAL EMAIL
          </td>
          <td>
            <button
              onClick={[Function]}
              type="button"
            >
              Edit
            </button>
            <button
              onClick={[Function]}
              type="button"
            >
              Delete
            </button>
          </td>
        </tr>
        <tr>
          <td>
            ENVIRE
          </td>
          <td>
            APEXIA
          </td>
          <td>
            SMART TRIGGER PUSH
          </td>
          <td>
            <button
              onClick={[Function]}
              type="button"
            >
              Edit
            </button>
            <button
              onClick={[Function]}
              type="button"
            >
              Delete
            </button>
          </td>
        </tr>
        <tr>
          <td>
            HAIRPORT
          </td>
          <td>
            HOPELI
          </td>
          <td>
            SMART TRIGGER PUSH
          </td>
          <td>
            <button
              onClick={[Function]}
              type="button"
            >
              Edit
            </button>
            <button
              onClick={[Function]}
              type="button"
            >
              Delete
            </button>
          </td>
        </tr>
        <tr>
          <td>
            DREAMIA
          </td>
          <td>
            INSURON
          </td>
          <td>
            SMS CONNECTOR
          </td>
          <td>
            <button
              onClick={[Function]}
              type="button"
            >
              Edit
            </button>
            <button
              onClick={[Function]}
              type="button"
            >
              Delete
            </button>
          </td>
        </tr>
        <tr>
          <td>
            ZILLIDIUM
          </td>
          <td>
            ZAPHIRE
          </td>
          <td>
            PUSH EMAIL
          </td>
          <td>
            <button
              onClick={[Function]}
              type="button"
            >
              Edit
            </button>
            <button
              onClick={[Function]}
              type="button"
            >
              Delete
            </button>
          </td>
        </tr>
        <tr>
          <td>
            CINCYR
          </td>
          <td>
            EXOSTREAM
          </td>
          <td>
            SMART TRIGGER EMAIL
          </td>
          <td>
            <button
              onClick={[Function]}
              type="button"
            >
              Edit
            </button>
            <button
              onClick={[Function]}
              type="button"
            >
              Delete
            </button>
          </td>
        </tr>
        <tr>
          <td>
            UNISURE
          </td>
          <td>
            CANDECOR
          </td>
          <td>
            SMART TRIGGER EMAIL
          </td>
          <td>
            <button
              onClick={[Function]}
              type="button"
            >
              Edit
            </button>
            <button
              onClick={[Function]}
              type="button"
            >
              Delete
            </button>
          </td>
        </tr>
        <tr>
          <td>
            CONJURICA
          </td>
          <td>
            DIGIQUE
          </td>
          <td>
            GENERAL EMAIL
          </td>
          <td>
            <button
              onClick={[Function]}
              type="button"
            >
              Edit
            </button>
            <button
              onClick={[Function]}
              type="button"
            >
              Delete
            </button>
          </td>
        </tr>
        <tr>
          <td>
            GEEKOSIS
          </td>
          <td>
            RETRACK
          </td>
          <td>
            SMS CONNECTOR
          </td>
          <td>
            <button
              onClick={[Function]}
              type="button"
            >
              Edit
            </button>
            <button
              onClick={[Function]}
              type="button"
            >
              Delete
            </button>
          </td>
        </tr>
        <tr>
          <td>
            CYTRAK
          </td>
          <td>
            RUBADUB
          </td>
          <td>
            SMART TRIGGER EMAIL
          </td>
          <td>
            <button
              onClick={[Function]}
              type="button"
            >
              Edit
            </button>
            <button
              onClick={[Function]}
              type="button"
            >
              Delete
            </button>
          </td>
        </tr>
        <tr>
          <td>
            DARWINIUM
          </td>
          <td>
            GENEKOM
          </td>
          <td>
            PUSH EMAIL
          </td>
          <td>
            <button
              onClick={[Function]}
              type="button"
            >
              Edit
            </button>
            <button
              onClick={[Function]}
              type="button"
            >
              Delete
            </button>
          </td>
        </tr>
        <tr>
          <td>
            GEEKNET
          </td>
          <td>
            POLARIUM
          </td>
          <td>
            GENERAL EMAIL
          </td>
          <td>
            <button
              onClick={[Function]}
              type="button"
            >
              Edit
            </button>
            <button
              onClick={[Function]}
              type="button"
            >
              Delete
            </button>
          </td>
        </tr>
        <tr>
          <td>
            ZENTHALL
          </td>
          <td>
            DIGINETIC
          </td>
          <td>
            PUSH EMAIL
          </td>
          <td>
            <button
              onClick={[Function]}
              type="button"
            >
              Edit
            </button>
            <button
              onClick={[Function]}
              type="button"
            >
              Delete
            </button>
          </td>
        </tr>
        <tr>
          <td>
            QABOOS
          </td>
          <td>
            BITENDREX
          </td>
          <td>
            PUSH EMAIL
          </td>
          <td>
            <button
              onClick={[Function]}
              type="button"
            >
              Edit
            </button>
            <button
              onClick={[Function]}
              type="button"
            >
              Delete
            </button>
          </td>
        </tr>
        <tr>
          <td>
            UNCORP
          </td>
          <td>
            UTARIAN
          </td>
          <td>
            CONNECTOR
          </td>
          <td>
            <button
              onClick={[Function]}
              type="button"
            >
              Edit
            </button>
            <button
              onClick={[Function]}
              type="button"
            >
              Delete
            </button>
          </td>
        </tr>
        <tr>
          <td>
            VENDBLEND
          </td>
          <td>
            COREPAN
          </td>
          <td>
            SMART TRIGGER PUSH
          </td>
          <td>
            <button
              onClick={[Function]}
              type="button"
            >
              Edit
            </button>
            <button
              onClick={[Function]}
              type="button"
            >
              Delete
            </button>
          </td>
        </tr>
        <tr>
          <td>
            ANIMALIA
          </td>
          <td>
            ZINCA
          </td>
          <td>
            PUSH EMAIL
          </td>
          <td>
            <button
              onClick={[Function]}
              type="button"
            >
              Edit
            </button>
            <button
              onClick={[Function]}
              type="button"
            >
              Delete
            </button>
          </td>
        </tr>
        <tr>
          <td>
            RENOVIZE
          </td>
          <td>
            ANIVET
          </td>
          <td>
            SMS CONNECTOR
          </td>
          <td>
            <button
              onClick={[Function]}
              type="button"
            >
              Edit
            </button>
            <button
              onClick={[Function]}
              type="button"
            >
              Delete
            </button>
          </td>
        </tr>
        <tr>
          <td>
            EXOTERIC
          </td>
          <td>
            VISALIA
          </td>
          <td>
            SMART TRIGGER PUSH
          </td>
          <td>
            <button
              onClick={[Function]}
              type="button"
            >
              Edit
            </button>
            <button
              onClick={[Function]}
              type="button"
            >
              Delete
            </button>
          </td>
        </tr>
        <tr>
          <td>
            CEPRENE
          </td>
          <td>
            FLUMBO
          </td>
          <td>
            CONNECTOR
          </td>
          <td>
            <button
              onClick={[Function]}
              type="button"
            >
              Edit
            </button>
            <button
              onClick={[Function]}
              type="button"
            >
              Delete
            </button>
          </td>
        </tr>
        <tr>
          <td>
            EXOSIS
          </td>
          <td>
            APPLICA
          </td>
          <td>
            PUSH EMAIL
          </td>
          <td>
            <button
              onClick={[Function]}
              type="button"
            >
              Edit
            </button>
            <button
              onClick={[Function]}
              type="button"
            >
              Delete
            </button>
          </td>
        </tr>
        <tr>
          <td>
            MUSAPHICS
          </td>
          <td>
            TERRAGO
          </td>
          <td>
            SMART TRIGGER PUSH
          </td>
          <td>
            <button
              onClick={[Function]}
              type="button"
            >
              Edit
            </button>
            <button
              onClick={[Function]}
              type="button"
            >
              Delete
            </button>
          </td>
        </tr>
        <tr>
          <td>
            ZILPHUR
          </td>
          <td>
            INVENTURE
          </td>
          <td>
            PUSH EMAIL
          </td>
          <td>
            <button
              onClick={[Function]}
              type="button"
            >
              Edit
            </button>
            <button
              onClick={[Function]}
              type="button"
            >
              Delete
            </button>
          </td>
        </tr>
        <tr>
          <td>
            EXOSPACE
          </td>
          <td>
            BALOOBA
          </td>
          <td>
            SMS CONNECTOR
          </td>
          <td>
            <button
              onClick={[Function]}
              type="button"
            >
              Edit
            </button>
            <button
              onClick={[Function]}
              type="button"
            >
              Delete
            </button>
          </td>
        </tr>
        <tr>
          <td>
            NEUROCELL
          </td>
          <td>
            GEOFORMA
          </td>
          <td>
            PUSH EMAIL
          </td>
          <td>
            <button
              onClick={[Function]}
              type="button"
            >
              Edit
            </button>
            <button
              onClick={[Function]}
              type="button"
            >
              Delete
            </button>
          </td>
        </tr>
        <tr>
          <td>
            SPORTAN
          </td>
          <td>
            GINKLE
          </td>
          <td>
            GENERAL EMAIL
          </td>
          <td>
            <button
              onClick={[Function]}
              type="button"
            >
              Edit
            </button>
            <button
              onClick={[Function]}
              type="button"
            >
              Delete
            </button>
          </td>
        </tr>
        <tr>
          <td>
            ZILIDIUM
          </td>
          <td>
            PHARMACON
          </td>
          <td>
            SMART TRIGGER EMAIL
          </td>
          <td>
            <button
              onClick={[Function]}
              type="button"
            >
              Edit
            </button>
            <button
              onClick={[Function]}
              type="button"
            >
              Delete
            </button>
          </td>
        </tr>
        <tr>
          <td>
            ACLIMA
          </td>
          <td>
            CENTREXIN
          </td>
          <td>
            SMART TRIGGER EMAIL
          </td>
          <td>
            <button
              onClick={[Function]}
              type="button"
            >
              Edit
            </button>
            <button
              onClick={[Function]}
              type="button"
            >
              Delete
            </button>
          </td>
        </tr>
        <tr>
          <td>
            NAMEGEN
          </td>
          <td>
            STOCKPOST
          </td>
          <td>
            PUSH EMAIL
          </td>
          <td>
            <button
              onClick={[Function]}
              type="button"
            >
              Edit
            </button>
            <button
              onClick={[Function]}
              type="button"
            >
              Delete
            </button>
          </td>
        </tr>
        <tr>
          <td>
            EVENTIX
          </td>
          <td>
            SNIPS
          </td>
          <td>
            SMART TRIGGER EMAIL
          </td>
          <td>
            <button
              onClick={[Function]}
              type="button"
            >
              Edit
            </button>
            <button
              onClick={[Function]}
              type="button"
            >
              Delete
            </button>
          </td>
        </tr>
        <tr>
          <td>
            ZILLAN
          </td>
          <td>
            BLUEGRAIN
          </td>
          <td>
            SMART TRIGGER PUSH
          </td>
          <td>
            <button
              onClick={[Function]}
              type="button"
            >
              Edit
            </button>
            <button
              onClick={[Function]}
              type="button"
            >
              Delete
            </button>
          </td>
        </tr>
        <tr>
          <td>
            TSUNAMIA
          </td>
          <td>
            SONGBIRD
          </td>
          <td>
            PUSH EMAIL
          </td>
          <td>
            <button
              onClick={[Function]}
              type="button"
            >
              Edit
            </button>
            <button
              onClick={[Function]}
              type="button"
            >
              Delete
            </button>
          </td>
        </tr>
        <tr>
          <td>
            NETILITY
          </td>
          <td>
            IRACK
          </td>
          <td>
            CONNECTOR
          </td>
          <td>
            <button
              onClick={[Function]}
              type="button"
            >
              Edit
            </button>
            <button
              onClick={[Function]}
              type="button"
            >
              Delete
            </button>
          </td>
        </tr>
        <tr>
          <td>
            GRUPOLI
          </td>
          <td>
            PARAGONIA
          </td>
          <td>
            SMART TRIGGER PUSH
          </td>
          <td>
            <button
              onClick={[Function]}
              type="button"
            >
              Edit
            </button>
            <button
              onClick={[Function]}
              type="button"
            >
              Delete
            </button>
          </td>
        </tr>
        <tr>
          <td>
            FLEXIGEN
          </td>
          <td>
            GEOFARM
          </td>
          <td>
            PUSH EMAIL
          </td>
          <td>
            <button
              onClick={[Function]}
              type="button"
            >
              Edit
            </button>
            <button
              onClick={[Function]}
              type="button"
            >
              Delete
            </button>
          </td>
        </tr>
        <tr>
          <td>
            HANDSHAKE
          </td>
          <td>
            QUILTIGEN
          </td>
          <td>
            SMS CONNECTOR
          </td>
          <td>
            <button
              onClick={[Function]}
              type="button"
            >
              Edit
            </button>
            <button
              onClick={[Function]}
              type="button"
            >
              Delete
            </button>
          </td>
        </tr>
        <tr>
          <td>
            SYNTAC
          </td>
          <td>
            MARQET
          </td>
          <td>
            PUSH EMAIL
          </td>
          <td>
            <button
              onClick={[Function]}
              type="button"
            >
              Edit
            </button>
            <button
              onClick={[Function]}
              type="button"
            >
              Delete
            </button>
          </td>
        </tr>
        <tr>
          <td>
            ZIGGLES
          </td>
          <td>
            KINETICA
          </td>
          <td>
            SMS CONNECTOR
          </td>
          <td>
            <button
              onClick={[Function]}
              type="button"
            >
              Edit
            </button>
            <button
              onClick={[Function]}
              type="button"
            >
              Delete
            </button>
          </td>
        </tr>
        <tr>
          <td>
            DIGIGEN
          </td>
          <td>
            ASSURITY
          </td>
          <td>
            SMART TRIGGER PUSH
          </td>
          <td>
            <button
              onClick={[Function]}
              type="button"
            >
              Edit
            </button>
            <button
              onClick={[Function]}
              type="button"
            >
              Delete
            </button>
          </td>
        </tr>
        <tr>
          <td>
            KONGENE
          </td>
          <td>
            PORTALINE
          </td>
          <td>
            SMS CONNECTOR
          </td>
          <td>
            <button
              onClick={[Function]}
              type="button"
            >
              Edit
            </button>
            <button
              onClick={[Function]}
              type="button"
            >
              Delete
            </button>
          </td>
        </tr>
        <tr>
          <td>
            STROZEN
          </td>
          <td>
            QUALITERN
          </td>
          <td>
            SMART TRIGGER EMAIL
          </td>
          <td>
            <button
              onClick={[Function]}
              type="button"
            >
              Edit
            </button>
            <button
              onClick={[Function]}
              type="button"
            >
              Delete
            </button>
          </td>
        </tr>
        <tr>
          <td>
            MEDALERT
          </td>
          <td>
            PROTODYNE
          </td>
          <td>
            GENERAL EMAIL
          </td>
          <td>
            <button
              onClick={[Function]}
              type="button"
            >
              Edit
            </button>
            <button
              onClick={[Function]}
              type="button"
            >
              Delete
            </button>
          </td>
        </tr>
        <tr>
          <td>
            QUAILCOM
          </td>
          <td>
            NEXGENE
          </td>
          <td>
            CONNECTOR
          </td>
          <td>
            <button
              onClick={[Function]}
              type="button"
            >
              Edit
            </button>
            <button
              onClick={[Function]}
              type="button"
            >
              Delete
            </button>
          </td>
        </tr>
        <tr>
          <td>
            KIOSK
          </td>
          <td>
            OVERFORK
          </td>
          <td>
            SMART TRIGGER PUSH
          </td>
          <td>
            <button
              onClick={[Function]}
              type="button"
            >
              Edit
            </button>
            <button
              onClick={[Function]}
              type="button"
            >
              Delete
            </button>
          </td>
        </tr>
        <tr>
          <td>
            SHADEASE
          </td>
          <td>
            ZANITY
          </td>
          <td>
            SMS CONNECTOR
          </td>
          <td>
            <button
              onClick={[Function]}
              type="button"
            >
              Edit
            </button>
            <button
              onClick={[Function]}
              type="button"
            >
              Delete
            </button>
          </td>
        </tr>
        <tr>
          <td>
            EWAVES
          </td>
          <td>
            BULLZONE
          </td>
          <td>
            PUSH EMAIL
          </td>
          <td>
            <button
              onClick={[Function]}
              type="button"
            >
              Edit
            </button>
            <button
              onClick={[Function]}
              type="button"
            >
              Delete
            </button>
          </td>
        </tr>
        <tr>
          <td>
            SLOFAST
          </td>
          <td>
            GEEKETRON
          </td>
          <td>
            SMART TRIGGER EMAIL
          </td>
          <td>
            <button
              onClick={[Function]}
              type="button"
            >
              Edit
            </button>
            <button
              onClick={[Function]}
              type="button"
            >
              Delete
            </button>
          </td>
        </tr>
        <tr>
          <td>
            GLEAMINK
          </td>
          <td>
            BITREX
          </td>
          <td>
            CONNECTOR
          </td>
          <td>
            <button
              onClick={[Function]}
              type="button"
            >
              Edit
            </button>
            <button
              onClick={[Function]}
              type="button"
            >
              Delete
            </button>
          </td>
        </tr>
        <tr>
          <td>
            XYMONK
          </td>
          <td>
            LOTRON
          </td>
          <td>
            CONNECTOR
          </td>
          <td>
            <button
              onClick={[Function]}
              type="button"
            >
              Edit
            </button>
            <button
              onClick={[Function]}
              type="button"
            >
              Delete
            </button>
          </td>
        </tr>
        <tr>
          <td>
            ILLUMITY
          </td>
          <td>
            IDEGO
          </td>
          <td>
            CONNECTOR
          </td>
          <td>
            <button
              onClick={[Function]}
              type="button"
            >
              Edit
            </button>
            <button
              onClick={[Function]}
              type="button"
            >
              Delete
            </button>
          </td>
        </tr>
        <tr>
          <td>
            ENTALITY
          </td>
          <td>
            ENERFORCE
          </td>
          <td>
            SMART TRIGGER PUSH
          </td>
          <td>
            <button
              onClick={[Function]}
              type="button"
            >
              Edit
            </button>
            <button
              onClick={[Function]}
              type="button"
            >
              Delete
            </button>
          </td>
        </tr>
        <tr>
          <td>
            QUINEX
          </td>
          <td>
            INFOTRIPS
          </td>
          <td>
            PUSH EMAIL
          </td>
          <td>
            <button
              onClick={[Function]}
              type="button"
            >
              Edit
            </button>
            <button
              onClick={[Function]}
              type="button"
            >
              Delete
            </button>
          </td>
        </tr>
        <tr>
          <td>
            COMTOUR
          </td>
          <td>
            JOVIOLD
          </td>
          <td>
            GENERAL EMAIL
          </td>
          <td>
            <button
              onClick={[Function]}
              type="button"
            >
              Edit
            </button>
            <button
              onClick={[Function]}
              type="button"
            >
              Delete
            </button>
          </td>
        </tr>
        <tr>
          <td>
            BLANET
          </td>
          <td>
            SYNKGEN
          </td>
          <td>
            GENERAL EMAIL
          </td>
          <td>
            <button
              onClick={[Function]}
              type="button"
            >
              Edit
            </button>
            <button
              onClick={[Function]}
              type="button"
            >
              Delete
            </button>
          </td>
        </tr>
        <tr>
          <td>
            JETSILK
          </td>
          <td>
            PLASMOSIS
          </td>
          <td>
            SMART TRIGGER PUSH
          </td>
          <td>
            <button
              onClick={[Function]}
              type="button"
            >
              Edit
            </button>
            <button
              onClick={[Function]}
              type="button"
            >
              Delete
            </button>
          </td>
        </tr>
        <tr>
          <td>
            EARTHPLEX
          </td>
          <td>
            OPTIQUE
          </td>
          <td>
            PUSH EMAIL
          </td>
          <td>
            <button
              onClick={[Function]}
              type="button"
            >
              Edit
            </button>
            <button
              onClick={[Function]}
              type="button"
            >
              Delete
            </button>
          </td>
        </tr>
        <tr>
          <td>
            INTERFIND
          </td>
          <td>
            AQUOAVO
          </td>
          <td>
            PUSH EMAIL
          </td>
          <td>
            <button
              onClick={[Function]}
              type="button"
            >
              Edit
            </button>
            <button
              onClick={[Function]}
              type="button"
            >
              Delete
            </button>
          </td>
        </tr>
        <tr>
          <td>
            EXTRAGENE
          </td>
          <td>
            MOMENTIA
          </td>
          <td>
            SMART TRIGGER PUSH
          </td>
          <td>
            <button
              onClick={[Function]}
              type="button"
            >
              Edit
            </button>
            <button
              onClick={[Function]}
              type="button"
            >
              Delete
            </button>
          </td>
        </tr>
        <tr>
          <td>
            ACRUEX
          </td>
          <td>
            PUSHCART
          </td>
          <td>
            PUSH EMAIL
          </td>
          <td>
            <button
              onClick={[Function]}
              type="button"
            >
              Edit
            </button>
            <button
              onClick={[Function]}
              type="button"
            >
              Delete
            </button>
          </td>
        </tr>
        <tr>
          <td>
            KIDSTOCK
          </td>
          <td>
            DYMI
          </td>
          <td>
            SMART TRIGGER EMAIL
          </td>
          <td>
            <button
              onClick={[Function]}
              type="button"
            >
              Edit
            </button>
            <button
              onClick={[Function]}
              type="button"
            >
              Delete
            </button>
          </td>
        </tr>
        <tr>
          <td>
            PROSELY
          </td>
          <td>
            VALREDA
          </td>
          <td>
            SMART TRIGGER PUSH
          </td>
          <td>
            <button
              onClick={[Function]}
              type="button"
            >
              Edit
            </button>
            <button
              onClick={[Function]}
              type="button"
            >
              Delete
            </button>
          </td>
        </tr>
        <tr>
          <td>
            GEEKY
          </td>
          <td>
            PYRAMIS
          </td>
          <td>
            SMS CONNECTOR
          </td>
          <td>
            <button
              onClick={[Function]}
              type="button"
            >
              Edit
            </button>
            <button
              onClick={[Function]}
              type="button"
            >
              Delete
            </button>
          </td>
        </tr>
        <tr>
          <td>
            EXOSWITCH
          </td>
          <td>
            NURALI
          </td>
          <td>
            SMS CONNECTOR
          </td>
          <td>
            <button
              onClick={[Function]}
              type="button"
            >
              Edit
            </button>
            <button
              onClick={[Function]}
              type="button"
            >
              Delete
            </button>
          </td>
        </tr>
        <tr>
          <td>
            FIBEROX
          </td>
          <td>
            NURPLEX
          </td>
          <td>
            SMS CONNECTOR
          </td>
          <td>
            <button
              onClick={[Function]}
              type="button"
            >
              Edit
            </button>
            <button
              onClick={[Function]}
              type="button"
            >
              Delete
            </button>
          </td>
        </tr>
        <tr>
          <td>
            BOLAX
          </td>
          <td>
            AQUASURE
          </td>
          <td>
            PUSH EMAIL
          </td>
          <td>
            <button
              onClick={[Function]}
              type="button"
            >
              Edit
            </button>
            <button
              onClick={[Function]}
              type="button"
            >
              Delete
            </button>
          </td>
        </tr>
        <tr>
          <td>
            GENMOM
          </td>
          <td>
            UNDERTAP
          </td>
          <td>
            SMART TRIGGER PUSH
          </td>
          <td>
            <button
              onClick={[Function]}
              type="button"
            >
              Edit
            </button>
            <button
              onClick={[Function]}
              type="button"
            >
              Delete
            </button>
          </td>
        </tr>
        <tr>
          <td>
            HOTCAKES
          </td>
          <td>
            ZENTIME
          </td>
          <td>
            GENERAL EMAIL
          </td>
          <td>
            <button
              onClick={[Function]}
              type="button"
            >
              Edit
            </button>
            <button
              onClick={[Function]}
              type="button"
            >
              Delete
            </button>
          </td>
        </tr>
        <tr>
          <td>
            MARKETOID
          </td>
          <td>
            COMCUR
          </td>
          <td>
            SMART TRIGGER EMAIL
          </td>
          <td>
            <button
              onClick={[Function]}
              type="button"
            >
              Edit
            </button>
            <button
              onClick={[Function]}
              type="button"
            >
              Delete
            </button>
          </td>
        </tr>
        <tr>
          <td>
            KNEEDLES
          </td>
          <td>
            ELENTRIX
          </td>
          <td>
            SMS CONNECTOR
          </td>
          <td>
            <button
              onClick={[Function]}
              type="button"
            >
              Edit
            </button>
            <button
              onClick={[Function]}
              type="button"
            >
              Delete
            </button>
          </td>
        </tr>
        <tr>
          <td>
            MENBRAIN
          </td>
          <td>
            MULTRON
          </td>
          <td>
            SMS CONNECTOR
          </td>
          <td>
            <button
              onClick={[Function]}
              type="button"
            >
              Edit
            </button>
            <button
              onClick={[Function]}
              type="button"
            >
              Delete
            </button>
          </td>
        </tr>
        <tr>
          <td>
            XSPORTS
          </td>
          <td>
            TRANSLINK
          </td>
          <td>
            SMS CONNECTOR
          </td>
          <td>
            <button
              onClick={[Function]}
              type="button"
            >
              Edit
            </button>
            <button
              onClick={[Function]}
              type="button"
            >
              Delete
            </button>
          </td>
        </tr>
        <tr>
          <td>
            AQUAZURE
          </td>
          <td>
            MAXEMIA
          </td>
          <td>
            CONNECTOR
          </td>
          <td>
            <button
              onClick={[Function]}
              type="button"
            >
              Edit
            </button>
            <button
              onClick={[Function]}
              type="button"
            >
              Delete
            </button>
          </td>
        </tr>
        <tr>
          <td>
            FUELTON
          </td>
          <td>
            STEELTAB
          </td>
          <td>
            SMS CONNECTOR
          </td>
          <td>
            <button
              onClick={[Function]}
              type="button"
            >
              Edit
            </button>
            <button
              onClick={[Function]}
              type="button"
            >
              Delete
            </button>
          </td>
        </tr>
        <tr>
          <td>
            ZOLARITY
          </td>
          <td>
            EARGO
          </td>
          <td>
            SMART TRIGGER EMAIL
          </td>
          <td>
            <button
              onClick={[Function]}
              type="button"
            >
              Edit
            </button>
            <button
              onClick={[Function]}
              type="button"
            >
              Delete
            </button>
          </td>
        </tr>
        <tr>
          <td>
            COGENTRY
          </td>
          <td>
            QUILCH
          </td>
          <td>
            SMS CONNECTOR
          </td>
          <td>
            <button
              onClick={[Function]}
              type="button"
            >
              Edit
            </button>
            <button
              onClick={[Function]}
              type="button"
            >
              Delete
            </button>
          </td>
        </tr>
        <tr>
          <td>
            GRAINSPOT
          </td>
          <td>
            ENERSAVE
          </td>
          <td>
            SMART TRIGGER PUSH
          </td>
          <td>
            <button
              onClick={[Function]}
              type="button"
            >
              Edit
            </button>
            <button
              onClick={[Function]}
              type="button"
            >
              Delete
            </button>
          </td>
        </tr>
        <tr>
          <td>
            CORPORANA
          </td>
          <td>
            COMVEY
          </td>
          <td>
            SMART TRIGGER PUSH
          </td>
          <td>
            <button
              onClick={[Function]}
              type="button"
            >
              Edit
            </button>
            <button
              onClick={[Function]}
              type="button"
            >
              Delete
            </button>
          </td>
        </tr>
        <tr>
          <td>
            PIVITOL
          </td>
          <td>
            COLUMELLA
          </td>
          <td>
            SMART TRIGGER EMAIL
          </td>
          <td>
            <button
              onClick={[Function]}
              type="button"
            >
              Edit
            </button>
            <button
              onClick={[Function]}
              type="button"
            >
              Delete
            </button>
          </td>
        </tr>
        <tr>
          <td>
            ZENSOR
          </td>
          <td>
            NORSUP
          </td>
          <td>
            SMS CONNECTOR
          </td>
          <td>
            <button
              onClick={[Function]}
              type="button"
            >
              Edit
            </button>
            <button
              onClick={[Function]}
              type="button"
            >
              Delete
            </button>
          </td>
        </tr>
        <tr>
          <td>
            ANIXANG
          </td>
          <td>
            CENTICE
          </td>
          <td>
            SMART TRIGGER PUSH
          </td>
          <td>
            <button
              onClick={[Function]}
              type="button"
            >
              Edit
            </button>
            <button
              onClick={[Function]}
              type="button"
            >
              Delete
            </button>
          </td>
        </tr>
        <tr>
          <td>
            ASSITIA
          </td>
          <td>
            APPLIDECK
          </td>
          <td>
            GENERAL EMAIL
          </td>
          <td>
            <button
              onClick={[Function]}
              type="button"
            >
              Edit
            </button>
            <button
              onClick={[Function]}
              type="button"
            >
              Delete
            </button>
          </td>
        </tr>
        <tr>
          <td>
            ORBIFLEX
          </td>
          <td>
            MUSANPOLY
          </td>
          <td>
            SMART TRIGGER PUSH
          </td>
          <td>
            <button
              onClick={[Function]}
              type="button"
            >
              Edit
            </button>
            <button
              onClick={[Function]}
              type="button"
            >
              Delete
            </button>
          </td>
        </tr>
        <tr>
          <td>
            NIQUENT
          </td>
          <td>
            TETAK
          </td>
          <td>
            SMART TRIGGER EMAIL
          </td>
          <td>
            <button
              onClick={[Function]}
              type="button"
            >
              Edit
            </button>
            <button
              onClick={[Function]}
              type="button"
            >
              Delete
            </button>
          </td>
        </tr>
      </tbody>
    </table>
  </form>
</div>
`;
